// Jest Snapshot v1, https://goo.gl/fbAQLP

exports[`Modal has the correct mobile styling 1`] = `
CSSStyleDeclaration {
  "0": "display",
  "1": "width",
  "10": "visibility",
  "11": "opacity",
  "12": "transform",
  "13": "user-select",
  "14": "transform-origin",
  "2": "min-height",
  "3": "background",
  "4": "box-shadow",
  "5": "margin",
  "6": "border-radius",
  "7": "padding",
  "8": "flex-direction",
  "9": "max-width",
  "_importants": Object {
    "background": "",
    "border-radius": "",
    "box-shadow": "",
    "display": "",
    "flex-direction": "",
    "margin": "",
    "max-width": "",
    "min-height": "",
    "opacity": "",
    "padding": "",
    "transform": "",
    "transform-origin": "",
    "user-select": "",
    "visibility": undefined,
    "width": "",
  },
  "_length": 15,
  "_onChange": [Function],
  "_values": Object {
    "background": "white",
    "background-color": "white",
    "border-radius": "16px",
    "box-shadow": "0 0 10px 10px rgba(0,0,0,0.1)",
    "display": "flex",
    "flex-direction": "column",
    "margin": "12.5vh auto 0px auto",
    "margin-bottom": "0px",
    "margin-left": "auto",
    "margin-right": "auto",
    "margin-top": "12.5vh",
    "max-width": "100%",
    "min-height": "75vh",
    "opacity": "0",
    "padding": "0px",
    "padding-bottom": "0px",
    "padding-left": "0px",
    "padding-right": "0px",
    "padding-top": "0px",
    "transform": "translate3d(0px, 400px, 0) scale(NaN, NaN)",
    "transform-origin": "50% 50% 0",
    "user-select": "none",
    "visibility": "visible",
    "width": "720px",
  },
}
`;
